[backblue.gif]
[fade.gif]
[index.html]
[anushreeingale7.responsivewebsitebuilder.io/index.html]
[anushreeingale7.responsivewebsitebuilder.io/login.html]
[ajax.googleapis.com/ajax/libs/jquery/1.12.4/jquery.min.js]
[ajax.googleapis.com/ajax/libs/jqueryui/1.10.1/jquery-ui.min.js]
[anushreeingale7.responsivewebsitebuilder.io/editor/login/login.js]
[anushreeingale7.responsivewebsitebuilder.io/editor/scripts/dm.fbconnect.js]
[anushreeingale7.responsivewebsitebuilder.io/common/scripts/dm.trackstats25f5.jsp]
[anushreeingale7.responsivewebsitebuilder.io/common/scripts/dm.trackcampaigns25f5.jsp]
[anushreeingale7.responsivewebsitebuilder.io/editor/nee/utils/placeholder/placeholder.js]
[anushreeingale7.responsivewebsitebuilder.io/editor/direct/css/template.css]
[anushreeingale7.responsivewebsitebuilder.io/editor/stylesheets/static/pt/login/wl.login.css]
[anushreeingale7.responsivewebsitebuilder.io/editor/optimized/wl.login.colors.scss.css]
[anushreeingale7.responsivewebsitebuilder.io/editor/product/reseller/images/favicon_reseller.ico]
[static-cdn.multiscreensite.com/mnlt/production/1388/_dm/s/rt/dist/css/css-font-package-v2.min.css]
[anushreeingale7.responsivewebsitebuilder.io/_dm/s/rt/css/font-icons/wl-fonts/nee.dmfonts.css]
[anushreeingale7.responsivewebsitebuilder.io/editor/direct/css/dm.fbconnect.css]
[www.google.com/recaptcha/api.js]
[apis.google.com/js/platform.js]
[anushreeingale7.responsivewebsitebuilder.io/login.html]
[anushreeingale7.responsivewebsitebuilder.io/login/askresetpwd9ed2.html]
[ajax.googleapis.com/ajax/libs/jqueryui/1.10.1/themes/base/images/animated-overlay.gif]
[ajax.googleapis.com/ajax/libs/jqueryui/1.10.1/themes/base/images/ui-bg_flat_75_ffffff_40x100.png]
[ajax.googleapis.com/ajax/libs/jqueryui/1.10.1/themes/base/images/ui-bg_highlight-soft_75_cccccc_1x100.png]
[ajax.googleapis.com/ajax/libs/jqueryui/1.10.1/themes/base/images/ui-bg_glass_75_e6e6e6_1x400.png]
[ajax.googleapis.com/ajax/libs/jqueryui/1.10.1/themes/base/images/ui-bg_glass_75_dadada_1x400.png]
[ajax.googleapis.com/ajax/libs/jqueryui/1.10.1/themes/base/images/ui-bg_glass_65_ffffff_1x400.png]
[ajax.googleapis.com/ajax/libs/jqueryui/1.10.1/themes/base/images/ui-bg_glass_55_fbf9ee_1x400.png]
[ajax.googleapis.com/ajax/libs/jqueryui/1.10.1/themes/base/images/ui-bg_glass_95_fef1ec_1x400.png]
[ajax.googleapis.com/ajax/libs/jqueryui/1.10.1/themes/base/images/ui-icons_222222_256x240.png]
[ajax.googleapis.com/ajax/libs/jqueryui/1.10.1/themes/base/images/ui-icons_888888_256x240.png]
[ajax.googleapis.com/ajax/libs/jqueryui/1.10.1/themes/base/images/ui-icons_454545_256x240.png]
[ajax.googleapis.com/ajax/libs/jqueryui/1.10.1/themes/base/images/ui-icons_2e83ff_256x240.png]
[ajax.googleapis.com/ajax/libs/jqueryui/1.10.1/themes/base/images/ui-icons_cd0a0a_256x240.png]
[ajax.googleapis.com/ajax/libs/jqueryui/1.10.1/themes/base/images/ui-bg_flat_0_aaaaaa_40x100.png]
[ajax.googleapis.com/ajax/libs/jqueryui/1.10.1/themes/base/jquery-ui.css]
[anushreeingale7.responsivewebsitebuilder.io/editor/fonts/nevis-webfont.eot]
[anushreeingale7.responsivewebsitebuilder.io/editor/fonts/nevis-webfontd41d.eot]
[anushreeingale7.responsivewebsitebuilder.io/editor/fonts/nevis-webfont.woff]
[anushreeingale7.responsivewebsitebuilder.io/editor/fonts/nevis-webfont.ttf]
[anushreeingale7.responsivewebsitebuilder.io/editor/fonts/nevis-webfont.svg]
[anushreeingale7.responsivewebsitebuilder.io/editor/direct/images/template/bg_main.png]
[anushreeingale7.responsivewebsitebuilder.io/PIE.28.delayed]
[anushreeingale7.responsivewebsitebuilder.io/editor/direct/images/template/menu-item-tip.png]
[anushreeingale7.responsivewebsitebuilder.io/editor/direct/images/template/spacer.gif]
[anushreeingale7.responsivewebsitebuilder.io/editor/direct/images/template/menuitem.png]
[anushreeingale7.responsivewebsitebuilder.io/editor/direct/images/template/subitem.png]
[anushreeingale7.responsivewebsitebuilder.io/editor/direct/images/template/sheet_s.png]
[anushreeingale7.responsivewebsitebuilder.io/editor/direct/images/template/sheet_h.png]
[anushreeingale7.responsivewebsitebuilder.io/editor/direct/images/template/sheet_v.png]
[anushreeingale7.responsivewebsitebuilder.io/editor/direct/images/template/vmenuitem.png]
[anushreeingale7.responsivewebsitebuilder.io/editor/direct/images/template/vsubitem.gif]
[anushreeingale7.responsivewebsitebuilder.io/editor/direct/images/template/block_s.png]
[anushreeingale7.responsivewebsitebuilder.io/editor/direct/images/template/block_h.png]
[anushreeingale7.responsivewebsitebuilder.io/editor/direct/images/template/block_v.png]
[anushreeingale7.responsivewebsitebuilder.io/editor/direct/images/template/blockcontentbullets.png]
[anushreeingale7.responsivewebsitebuilder.io/editor/direct/images/template/button.png]
[anushreeingale7.responsivewebsitebuilder.io/editor/direct/images/template/livemarks.png]
[anushreeingale7.responsivewebsitebuilder.io/editor/direct/images/template/system/selector-arrow.38.delayed]
[anushreeingale7.responsivewebsitebuilder.io/editor/direct/images/template/system/notice-info.39.delayed]
[anushreeingale7.responsivewebsitebuilder.io/editor/direct/images/template/system/notice-alert.3a.delayed]
[anushreeingale7.responsivewebsitebuilder.io/editor/direct/images/template/notice-note.3b.delayed]
[anushreeingale7.responsivewebsitebuilder.io/editor/direct/images/template/signout_popup_left.png]
[anushreeingale7.responsivewebsitebuilder.io/editor/direct/images/template/signout_popup_right.png]
[anushreeingale7.responsivewebsitebuilder.io/editor/direct/images/template/signout_popup_bottom_left.png]
[anushreeingale7.responsivewebsitebuilder.io/editor/direct/images/template/signout_popup_bottom.png]
[anushreeingale7.responsivewebsitebuilder.io/editor/direct/images/template/signout_popup_bottom_right.png]
[anushreeingale7.responsivewebsitebuilder.io/editor/direct/images/V.png]
[anushreeingale7.responsivewebsitebuilder.io/editor/direct/images/bbbSealLogoBlack.png]
[anushreeingale7.responsivewebsitebuilder.io/editor/direct/css/template.css]
[anushreeingale7.responsivewebsitebuilder.io/editor/stylesheets/static/pt/login/wl.login.css]
[anushreeingale7.responsivewebsitebuilder.io/editor/nee/images/wl/logo.png]
[anushreeingale7.responsivewebsitebuilder.io/editor/optimized/wl.login.colors.scss.css]
[static-cdn.multiscreensite.com/mnlt/production/1388/_dm/s/rt/dist/css/css-font-package-v2.min.css]
[anushreeingale7.responsivewebsitebuilder.io/_dm/s/rt/css/font-icons/wl-fonts/fonts/WL.eot]
[anushreeingale7.responsivewebsitebuilder.io/_dm/s/rt/css/font-icons/wl-fonts/fonts/WLd41d.eot]
[anushreeingale7.responsivewebsitebuilder.io/_dm/s/rt/css/font-icons/wl-fonts/fonts/WL.woff]
[anushreeingale7.responsivewebsitebuilder.io/_dm/s/rt/css/font-icons/wl-fonts/fonts/WL.ttf]
[anushreeingale7.responsivewebsitebuilder.io/_dm/s/rt/css/font-icons/wl-fonts/nee.dmfonts.css]
[anushreeingale7.responsivewebsitebuilder.io/editor/direct/css/dm.fbconnect.css]
[anushreeingale7.responsivewebsitebuilder.io/_dm/s/rt/css/font-icons/wl-fonts/fonts/WL.svg]
[anushreeingale7.responsivewebsitebuilder.io/editor/product/reseller/images/favicon_one_reseller.ico]
[anushreeingale7.responsivewebsitebuilder.io/login/askresetpwd9ed2.html]
[anushreeingale7.responsivewebsitebuilder.io/editor/fonts/nevis-webfont.svg]
[anushreeingale7.responsivewebsitebuilder.io/PIE.html]
[anushreeingale7.responsivewebsitebuilder.io/editor/direct/images/template/system/selector-arrow.html]
[anushreeingale7.responsivewebsitebuilder.io/editor/direct/images/template/system/notice-info.html]
[anushreeingale7.responsivewebsitebuilder.io/editor/direct/images/template/system/notice-alert.html]
[anushreeingale7.responsivewebsitebuilder.io/editor/direct/images/template/notice-note.html]
[anushreeingale7.responsivewebsitebuilder.io/_dm/s/rt/css/font-icons/wl-fonts/fonts/WL.svg]
